[webstrot.com/html/jbdesk/main_version/main_pages/index_III.html]
[backblue.gif]
[fade.gif]
[index.html]
[webstrot.com/html/jbdesk/main_version/main_pages/images/favicon.png]
[webstrot.com/html/jbdesk/main_version/main_pages/index.html]
[webstrot.com/html/jbdesk/main_version/main_pages/images/logo5.png]
[webstrot.com/html/jbdesk/main_version/main_pages/index_II.html]
[webstrot.com/html/jbdesk/main_version/main_pages/job_listing_grid_left_filter.html]
[webstrot.com/html/jbdesk/main_version/main_pages/job_listing_list_left_filter.html]
[webstrot.com/html/jbdesk/main_version/main_pages/job_single.html]
[webstrot.com/html/jbdesk/main_version/main_pages/about_us.html]
[webstrot.com/html/jbdesk/main_version/main_pages/companies.html]
[webstrot.com/html/jbdesk/main_version/main_pages/company_single.html]
[webstrot.com/html/jbdesk/main_version/main_pages/error_page.html]
[webstrot.com/html/jbdesk/main_version/main_pages/login.html]
[webstrot.com/html/jbdesk/main_version/main_pages/pricing_table.html]
[webstrot.com/html/jbdesk/main_version/main_pages/sign_up.html]
[webstrot.com/html/jbdesk/main_version/main_pages/blog_single.html]
[webstrot.com/html/jbdesk/main_version/main_pages/blog_category_right_sidebar.html]
[webstrot.com/html/jbdesk/main_version/main_pages/contact_us.html]
[webstrot.com/html/jbdesk/main_version/main_pages/images/logo4.png]
[webstrot.com/html/jbdesk/main_version/main_pages/images/pf.png]
[webstrot.com/html/jbdesk/main_version/main_pages/images/job1.jpg]
[webstrot.com/html/jbdesk/main_version/main_pages/images/slider_bg.png]
[webstrot.com/html/jbdesk/main_version/main_pages/images/shape4.png]
[webstrot.com/html/jbdesk/main_version/main_pages/images/bubble.png]
[webstrot.com/html/jbdesk/main_version/main_pages/images/slider_img.png]
[webstrot.com/html/jbdesk/main_version/main_pages/images/line.png]
[webstrot.com/html/jbdesk/main_version/main_pages/images/lt5.png]
[webstrot.com/html/jbdesk/main_version/main_pages/images/lt2.png]
[webstrot.com/html/jbdesk/main_version/main_pages/images/lt3.png]
[webstrot.com/html/jbdesk/main_version/main_pages/images/lt4.png]
[webstrot.com/html/jbdesk/main_version/main_pages/images/lt1.png]
[webstrot.com/html/jbdesk/main_version/main_pages/images/mockup6.png]
[webstrot.com/html/jbdesk/main_version/main_pages/images/line2.png]
[webstrot.com/html/jbdesk/main_version/main_pages/images/line3.png]
[webstrot.com/html/jbdesk/main_version/main_pages/images/c1.png]
[webstrot.com/html/jbdesk/main_version/main_pages/images/c2.png]
[webstrot.com/html/jbdesk/main_version/main_pages/images/c3.png]
[webstrot.com/html/jbdesk/main_version/main_pages/images/c4.png]
[webstrot.com/html/jbdesk/main_version/main_pages/images/c5.png]
[webstrot.com/html/jbdesk/main_version/main_pages/images/c6.png]
[webstrot.com/html/jbdesk/main_version/main_pages/images/c7.png]
[webstrot.com/html/jbdesk/main_version/main_pages/images/c8.png]
[webstrot.com/html/jbdesk/main_version/main_pages/images/c9.png]
[webstrot.com/html/jbdesk/main_version/main_pages/images/mockup7.png]
[webstrot.com/html/jbdesk/main_version/main_pages/images/quote1.png]
[webstrot.com/html/jbdesk/main_version/main_pages/images/vv.png]
[webstrot.com/html/jbdesk/main_version/main_pages/images/p2.png]
[webstrot.com/html/jbdesk/main_version/main_pages/images/cmnt4.jpg]
[webstrot.com/html/jbdesk/main_version/main_pages/images/cmnt1.jpg]
[webstrot.com/html/jbdesk/main_version/main_pages/images/cmnt2.jpg]
[webstrot.com/html/jbdesk/main_version/main_pages/images/cmnt3.jpg]
[webstrot.com/html/jbdesk/main_version/main_pages/images/bubble2.png]
[webstrot.com/html/jbdesk/main_version/main_pages/images/ft1.png]
[webstrot.com/html/jbdesk/main_version/main_pages/images/ft2.png]
[webstrot.com/html/jbdesk/main_version/main_pages/images/ft3.png]
[webstrot.com/html/jbdesk/main_version/main_pages/images/ft4.png]
[webstrot.com/html/jbdesk/main_version/main_pages/images/ft5.png]
[webstrot.com/html/jbdesk/main_version/main_pages/images/ft6.png]
[webstrot.com/html/jbdesk/main_version/main_pages/js/jquery-3.3.1.min.js]
[webstrot.com/html/jbdesk/main_version/main_pages/js/bootstrap.min.js]
[webstrot.com/html/jbdesk/main_version/main_pages/js/modernizr.js]
[webstrot.com/html/jbdesk/main_version/main_pages/js/jquery.menu-aim.js]
[webstrot.com/html/jbdesk/main_version/main_pages/js/plugin.js]
[webstrot.com/html/jbdesk/main_version/main_pages/js/owl.carousel.js]
[webstrot.com/html/jbdesk/main_version/main_pages/js/jquery-ui.js]
[webstrot.com/html/jbdesk/main_version/main_pages/js/jquery.countTo.js]
[webstrot.com/html/jbdesk/main_version/main_pages/js/jquery.magnific-popup.js]
[webstrot.com/html/jbdesk/main_version/main_pages/js/dropify.min.js]
[webstrot.com/html/jbdesk/main_version/main_pages/js/jquery.inview.min.js]
[webstrot.com/html/jbdesk/main_version/main_pages/js/jquery.nice-select.min.js]
[webstrot.com/html/jbdesk/main_version/main_pages/js/imagesloaded.pkgd.min.js]
[webstrot.com/html/jbdesk/main_version/main_pages/js/isotope.pkgd.min.js]
[webstrot.com/html/jbdesk/main_version/main_pages/js/custom.js]
[webstrot.com/html/jbdesk/main_version/main_pages/index_III.html]
[webstrot.com/html/jbdesk/main_version/main_pages/css/animate.css]
[webstrot.com/html/jbdesk/main_version/main_pages/css/bootstrap.min.css]
[webstrot.com/html/jbdesk/main_version/main_pages/css/fonts.css]
[webstrot.com/html/jbdesk/main_version/main_pages/fonts/Flaticon.eot]
[webstrot.com/html/jbdesk/main_version/main_pages/fonts/Flaticond41d.eot]
[webstrot.com/html/jbdesk/main_version/main_pages/fonts/Flaticon.woff2]
[webstrot.com/html/jbdesk/main_version/main_pages/fonts/Flaticon.woff]
[webstrot.com/html/jbdesk/main_version/main_pages/fonts/Flaticon.ttf]
[webstrot.com/html/jbdesk/main_version/main_pages/css/flaticon.css]
[webstrot.com/html/jbdesk/main_version/main_pages/webfonts/fa-brands-400.eot]
[webstrot.com/html/jbdesk/main_version/main_pages/webfonts/fa-brands-400d41d.eot]
[webstrot.com/html/jbdesk/main_version/main_pages/webfonts/fa-brands-400.woff2]
[webstrot.com/html/jbdesk/main_version/main_pages/webfonts/fa-brands-400.woff]
[webstrot.com/html/jbdesk/main_version/main_pages/webfonts/fa-brands-400.ttf]
[webstrot.com/html/jbdesk/main_version/main_pages/webfonts/fa-regular-400.eot]
[webstrot.com/html/jbdesk/main_version/main_pages/webfonts/fa-regular-400d41d.eot]
[webstrot.com/html/jbdesk/main_version/main_pages/webfonts/fa-regular-400.woff2]
[webstrot.com/html/jbdesk/main_version/main_pages/webfonts/fa-regular-400.woff]
[webstrot.com/html/jbdesk/main_version/main_pages/webfonts/fa-regular-400.ttf]
[webstrot.com/html/jbdesk/main_version/main_pages/webfonts/fa-solid-900.eot]
[webstrot.com/html/jbdesk/main_version/main_pages/webfonts/fa-solid-900d41d.eot]
[webstrot.com/html/jbdesk/main_version/main_pages/webfonts/fa-solid-900.woff2]
[webstrot.com/html/jbdesk/main_version/main_pages/webfonts/fa-solid-900.woff]
[webstrot.com/html/jbdesk/main_version/main_pages/webfonts/fa-solid-900.ttf]
[webstrot.com/html/jbdesk/main_version/main_pages/css/font-awesome.css]
[webstrot.com/html/jbdesk/main_version/main_pages/css/owl.carousel.css]
[webstrot.com/html/jbdesk/main_version/main_pages/css/owl.theme.default.css]
[webstrot.com/html/jbdesk/main_version/main_pages/css/dropify.min.css]
[webstrot.com/html/jbdesk/main_version/main_pages/css/jquery-ui.min.css]
[webstrot.com/html/jbdesk/main_version/main_pages/css/magnific-popup.css]
[webstrot.com/html/jbdesk/main_version/main_pages/css/nice-select.css]
[webstrot.com/html/jbdesk/main_version/main_pages/css/reset.css]
[webstrot.com/html/jbdesk/main_version/main_pages/images/banner1.jpg]
[webstrot.com/html/jbdesk/main_version/main_pages/images/top_shape.png]
[webstrot.com/html/jbdesk/main_version/main_pages/images/emp_img.png]
[webstrot.com/html/jbdesk/main_version/main_pages/images/counter_bg.jpg]
[webstrot.com/html/jbdesk/main_version/main_pages/images/wave1.png]
[webstrot.com/html/jbdesk/main_version/main_pages/images/wave2.png]
[webstrot.com/html/jbdesk/main_version/main_pages/images/wave3.png]
[webstrot.com/html/jbdesk/main_version/main_pages/images/resume.jpg]
[webstrot.com/html/jbdesk/main_version/main_pages/images/comp_detail.png]
[webstrot.com/html/jbdesk/main_version/main_pages/images/play_bg.jpg]
[webstrot.com/html/jbdesk/main_version/main_pages/images/cntct_bg.jpg]
[webstrot.com/html/jbdesk/main_version/main_pages/images/login.jpg]
[webstrot.com/html/jbdesk/main_version/main_pages/images/map_banner.jpg]
[webstrot.com/html/jbdesk/main_version/main_pages/images/double_shape.png]
[webstrot.com/html/jbdesk/main_version/main_pages/images/shape2.png]
[webstrot.com/html/jbdesk/main_version/main_pages/images/apps.jpg]
[webstrot.com/html/jbdesk/main_version/main_pages/images/chat.png]
[webstrot.com/html/jbdesk/main_version/main_pages/css/style.css]
[webstrot.com/html/jbdesk/main_version/main_pages/css/responsive.css]
[webstrot.com/html/jbdesk/main_version/main_pages/images/logo.png]
[webstrot.com/html/jbdesk/main_version/main_pages/images/jb1.png]
[webstrot.com/html/jbdesk/main_version/main_pages/images/jb2.png]
[webstrot.com/html/jbdesk/main_version/main_pages/images/jb3.png]
[webstrot.com/html/jbdesk/main_version/main_pages/images/jb4.png]
[webstrot.com/html/jbdesk/main_version/main_pages/images/jb5.png]
[webstrot.com/html/jbdesk/main_version/main_pages/images/gnxt.jpg]
[webstrot.com/html/jbdesk/main_version/main_pages/images/mockup2.png]
[webstrot.com/html/jbdesk/main_version/main_pages/images/cmp1.png]
[webstrot.com/html/jbdesk/main_version/main_pages/images/cmp2.png]
[webstrot.com/html/jbdesk/main_version/main_pages/images/cmp3.png]
[webstrot.com/html/jbdesk/main_version/main_pages/images/cmp4.png]
[webstrot.com/html/jbdesk/main_version/main_pages/images/mockup3.png]
[webstrot.com/html/jbdesk/main_version/main_pages/images/testi.png]
[webstrot.com/html/jbdesk/main_version/main_pages/images/testi1.png]
[webstrot.com/html/jbdesk/main_version/main_pages/images/mockup5.png]
[webstrot.com/html/jbdesk/main_version/main_pages/images/blog1.jpg]
[webstrot.com/html/jbdesk/main_version/main_pages/images/blog2.jpg]
[webstrot.com/html/jbdesk/main_version/main_pages/images/logo2.png]
[webstrot.com/html/jbdesk/main_version/main_pages/index.html]
[webstrot.com/html/jbdesk/main_version/main_pages/images/logo3.png]
[webstrot.com/html/jbdesk/main_version/main_pages/images/s1.png]
[webstrot.com/html/jbdesk/main_version/main_pages/images/s2.png]
[webstrot.com/html/jbdesk/main_version/main_pages/images/s3.png]
[webstrot.com/html/jbdesk/main_version/main_pages/images/s4.png]
[webstrot.com/html/jbdesk/main_version/main_pages/images/s5.png]
[webstrot.com/html/jbdesk/main_version/main_pages/images/s6.png]
[webstrot.com/html/jbdesk/main_version/main_pages/images/round.png]
[webstrot.com/html/jbdesk/main_version/main_pages/images/ct.png]
[webstrot.com/html/jbdesk/main_version/main_pages/images/blog22.jpg]
[webstrot.com/html/jbdesk/main_version/main_pages/images/blog11.jpg]
[webstrot.com/html/jbdesk/main_version/main_pages/images/shape3.png]
[webstrot.com/html/jbdesk/main_version/main_pages/images/pt1.png]
[webstrot.com/html/jbdesk/main_version/main_pages/images/pt2.png]
[webstrot.com/html/jbdesk/main_version/main_pages/images/pt3.png]
[webstrot.com/html/jbdesk/main_version/main_pages/images/pt4.png]
[webstrot.com/html/jbdesk/main_version/main_pages/images/pt5.png]
[webstrot.com/html/jbdesk/main_version/main_pages/images/mess2.png]
[webstrot.com/html/jbdesk/main_version/main_pages/images/mess1.png]
[webstrot.com/html/jbdesk/main_version/main_pages/index_II.html]
[webstrot.com/html/jbdesk/main_version/main_pages/job_listing_grid_left_filter.html]
[webstrot.com/html/jbdesk/main_version/main_pages/job_listing_list_left_filter.html]
[webstrot.com/html/jbdesk/main_version/main_pages/images/overview.png]
[webstrot.com/html/jbdesk/main_version/main_pages/job_single.html]
[webstrot.com/html/jbdesk/main_version/main_pages/images/about1.jpg]
[webstrot.com/html/jbdesk/main_version/main_pages/images/about2.jpg]
[webstrot.com/html/jbdesk/main_version/main_pages/images/about3.jpg]
[webstrot.com/html/jbdesk/main_version/main_pages/images/sign.png]
[webstrot.com/html/jbdesk/main_version/main_pages/images/team.png]
[webstrot.com/html/jbdesk/main_version/main_pages/images/team1.png]
[webstrot.com/html/jbdesk/main_version/main_pages/images/team2.png]
[webstrot.com/html/jbdesk/main_version/main_pages/images/team4.png]
[webstrot.com/html/jbdesk/main_version/main_pages/about_us.html]
[webstrot.com/html/jbdesk/main_version/main_pages/companies.html]
[webstrot.com/html/jbdesk/main_version/main_pages/images/web.png]
[webstrot.com/html/jbdesk/main_version/main_pages/company_single.html]
[webstrot.com/html/jbdesk/main_version/main_pages/images/error.png]
[webstrot.com/html/jbdesk/main_version/main_pages/error_page.html]
[webstrot.com/html/jbdesk/main_version/main_pages/login.html]
[webstrot.com/html/jbdesk/main_version/main_pages/pricing_table.html]
[webstrot.com/html/jbdesk/main_version/main_pages/sign_up.html]
[webstrot.com/html/jbdesk/main_version/main_pages/images/blog3.jpg]
[webstrot.com/html/jbdesk/main_version/main_pages/images/blog_single.jpg]
[webstrot.com/html/jbdesk/main_version/main_pages/images/quote.png]
[webstrot.com/html/jbdesk/main_version/main_pages/images/bs1.jpg]
[webstrot.com/html/jbdesk/main_version/main_pages/images/client.jpg]
[webstrot.com/html/jbdesk/main_version/main_pages/images/blog_ct1.jpg]
[webstrot.com/html/jbdesk/main_version/main_pages/images/blog_ct2.jpg]
[webstrot.com/html/jbdesk/main_version/main_pages/images/blog_ct3.jpg]
[webstrot.com/html/jbdesk/main_version/main_pages/images/spt1.jpg]
[webstrot.com/html/jbdesk/main_version/main_pages/images/rs1.jpg]
[webstrot.com/html/jbdesk/main_version/main_pages/images/rs2.jpg]
[webstrot.com/html/jbdesk/main_version/main_pages/images/rs3.jpg]
[webstrot.com/html/jbdesk/main_version/main_pages/blog_single.html]
[webstrot.com/html/jbdesk/main_version/main_pages/images/blog4.jpg]
[webstrot.com/html/jbdesk/main_version/main_pages/images/blog5.jpg]
[webstrot.com/html/jbdesk/main_version/main_pages/images/blog6.jpg]
[webstrot.com/html/jbdesk/main_version/main_pages/blog_category_right_sidebar.html]
[webstrot.com/html/jbdesk/main_version/main_pages/contact_us.html]
[webstrot.com/html/jbdesk/main_version/main_pages/fonts/Flaticon.html]
[webstrot.com/html/jbdesk/main_version/main_pages/css/Flaticon.html]
[webstrot.com/html/jbdesk/main_version/main_pages/webfonts/fa-brands-400.svg]
[webstrot.com/html/jbdesk/main_version/main_pages/webfonts/fa-regular-400.svg]
[webstrot.com/html/jbdesk/main_version/main_pages/webfonts/fa-solid-900.svg]
[webstrot.com/html/jbdesk/main_version/main_pages/css/owl.video.play.html]
[webstrot.com/html/jbdesk/main_version/main_pages/fonts/dropify.html]
[webstrot.com/html/jbdesk/main_version/main_pages/fonts/dropify-2.html]
[webstrot.com/html/jbdesk/main_version/main_pages/fonts/dropify-3.html]
[webstrot.com/html/jbdesk/main_version/main_pages/fonts/dropify-4.html]
[webstrot.com/html/jbdesk/main_version/main_pages/css/images/ui-icons_444444_256x240.html]
[webstrot.com/html/jbdesk/main_version/main_pages/css/images/ui-icons_555555_256x240.html]
[webstrot.com/html/jbdesk/main_version/main_pages/css/images/ui-icons_ffffff_256x240.html]
[webstrot.com/html/jbdesk/main_version/main_pages/css/images/ui-icons_777620_256x240.html]
[webstrot.com/html/jbdesk/main_version/main_pages/css/images/ui-icons_cc0000_256x240.html]
[webstrot.com/html/jbdesk/main_version/main_pages/css/images/ui-icons_777777_256x240.html]
[webstrot.com/html/jbdesk/main_version/main_pages/img/nucleo-icon-1.html]
[webstrot.com/html/jbdesk/main_version/main_pages/img/nucleo-icon-2.html]
[webstrot.com/html/jbdesk/main_version/main_pages/img/nucleo-icon-3.html]
[webstrot.com/html/jbdesk/main_version/main_pages/img/nucleo-icon-4.html]
[webstrot.com/html/jbdesk/main_version/main_pages/img/nucleo-icon-5.html]
[webstrot.com/html/jbdesk/main_version/main_pages/img/nucleo-icon-6.html]
[webstrot.com/html/jbdesk/main_version/main_pages/img/nucleo-icon-7.html]
[webstrot.com/html/jbdesk/main_version/main_pages/img/nucleo-icon-8.html]
[webstrot.com/html/jbdesk/main_version/main_pages/img/nucleo-icon-9.html]
[webstrot.com/html/jbdesk/main_version/main_pages/img/nucleo-icon-10.html]
[webstrot.com/html/jbdesk/main_version/main_pages/img/nucleo-icon-11.html]
[webstrot.com/html/jbdesk/main_version/main_pages/img/nucleo-icon-12.html]
